2025-11-16 13:02:22,761 - src.core.lead_processor - INFO - Loaded 0 cached lead scores
2025-11-16 13:02:22,761 - src.core.lead_processor - INFO - Lead Processor initialized
2025-11-16 13:02:22,763 - src.core.website_generator - INFO - Website Generator initialized
2025-11-16 13:02:22,764 - src.core.email_orchestrator - INFO - Loaded tier1 template
2025-11-16 13:02:22,765 - src.core.email_orchestrator - INFO - Loaded tier2 template
2025-11-16 13:02:22,766 - src.core.email_orchestrator - INFO - Loaded tier3 template
2025-11-16 13:02:22,766 - src.core.email_orchestrator - INFO - Email Orchestrator initialized
2025-11-16 13:02:22,767 - src.core.compliance - INFO - Compliance Manager initialized
2025-11-16 13:02:22,768 - ColdEmailPro - INFO - ============================================================
2025-11-16 13:02:22,768 - ColdEmailPro - INFO - Cold Email Pro - Production System Initialized
2025-11-16 13:02:22,768 - ColdEmailPro - INFO - ============================================================
2025-11-16 13:02:22,769 - ColdEmailPro - INFO - 📊 Processing leads from: sample_leads.csv
2025-11-16 13:02:22,769 - src.core.lead_processor - INFO - Processing file: sample_leads.csv
2025-11-16 13:02:22,773 - src.core.lead_processor - INFO - Loaded 10 rows from sample_leads.csv
2025-11-16 13:02:22,773 - src.core.lead_processor - INFO - Cleaning data...
2025-11-16 13:02:22,776 - src.core.lead_processor - INFO - Data cleaned. Columns: ['company_name', 'email', 'phone', 'website', 'industry', 'address', 'registration_date', 'employees']
2025-11-16 13:02:22,777 - src.core.lead_processor - INFO - Processing 10 leads...
2025-11-16 13:02:22,797 - src.core.lead_processor - INFO - Saved 10 lead scores to cache
2025-11-16 13:02:22,797 - src.core.lead_processor - INFO - Processing complete: Tier1=7, Tier2=1, Tier3=0, Rejected=2
2025-11-16 13:02:22,802 - src.core.lead_processor - INFO - Exported 7 tier1 leads to data/leads/processed/TIER1_LEADS.csv
2025-11-16 13:02:22,803 - src.core.lead_processor - INFO - Exported 1 tier2 leads to data/leads/processed/TIER2_LEADS.csv
2025-11-16 13:02:22,805 - src.core.lead_processor - INFO - Exported 2 rejected leads to data/leads/processed/REJECTED_LEADS.csv
2025-11-16 13:02:22,805 - ColdEmailPro - INFO - 
============================================================
2025-11-16 13:02:22,806 - ColdEmailPro - INFO - PROCESSING COMPLETE
2025-11-16 13:02:22,806 - ColdEmailPro - INFO - ============================================================
2025-11-16 13:02:22,806 - ColdEmailPro - INFO - Total Processed: 10
2025-11-16 13:02:22,806 - ColdEmailPro - INFO - Tier 1 (Premium):  7 leads
2025-11-16 13:02:22,807 - ColdEmailPro - INFO - Tier 2 (Good):     1 leads
2025-11-16 13:02:22,807 - ColdEmailPro - INFO - Tier 3 (Potential):0 leads
2025-11-16 13:02:22,807 - ColdEmailPro - INFO - Rejected:          2 leads
2025-11-16 13:02:22,808 - ColdEmailPro - INFO - ============================================================
2025-11-16 13:02:42,558 - src.core.lead_processor - INFO - Loaded 10 cached lead scores
2025-11-16 13:02:42,559 - src.core.lead_processor - INFO - Lead Processor initialized
2025-11-16 13:02:42,560 - src.core.website_generator - INFO - Website Generator initialized
2025-11-16 13:02:42,562 - src.core.email_orchestrator - INFO - Loaded tier1 template
2025-11-16 13:02:42,562 - src.core.email_orchestrator - INFO - Loaded tier2 template
2025-11-16 13:02:42,563 - src.core.email_orchestrator - INFO - Loaded tier3 template
2025-11-16 13:02:42,563 - src.core.email_orchestrator - INFO - Email Orchestrator initialized
2025-11-16 13:02:42,564 - src.core.compliance - INFO - Compliance Manager initialized
2025-11-16 13:02:42,565 - ColdEmailPro - INFO - ============================================================
2025-11-16 13:02:42,565 - ColdEmailPro - INFO - Cold Email Pro - Production System Initialized
2025-11-16 13:02:42,565 - ColdEmailPro - INFO - ============================================================
2025-11-16 13:02:42,566 - ColdEmailPro - INFO - 🌐 Generating demo websites from: data/leads/processed/TIER1_LEADS.csv
2025-11-16 13:02:42,572 - ColdEmailPro - INFO - Generating demos for 7 leads...
2025-11-16 13:02:42,573 - src.core.website_generator - INFO - Generating demo data for 7 leads...
2025-11-16 13:02:42,574 - src.core.website_generator - INFO - Saved demo data to data/generated_sites/demos.json
2025-11-16 13:02:42,575 - src.core.website_generator - INFO - Generated index.html at data/generated_sites/index.html
2025-11-16 13:02:42,575 - src.core.website_generator - INFO - Generated 2 demo files in data/generated_sites/
2025-11-16 13:02:42,575 - ColdEmailPro - INFO - 
============================================================
2025-11-16 13:02:42,575 - ColdEmailPro - INFO - WEBSITE GENERATION COMPLETE
2025-11-16 13:02:42,576 - ColdEmailPro - INFO - ============================================================
2025-11-16 13:02:42,576 - ColdEmailPro - INFO - demos_json: data/generated_sites/demos.json
2025-11-16 13:02:42,576 - ColdEmailPro - INFO - index_html: data/generated_sites/index.html
2025-11-16 13:02:42,576 - ColdEmailPro - INFO - ============================================================
2025-11-16 13:02:42,577 - ColdEmailPro - INFO - 
📋 Next steps:
2025-11-16 13:02:42,577 - ColdEmailPro - INFO - 1. Upload these files to your web hosting
2025-11-16 13:02:42,577 - ColdEmailPro - INFO - 2. Point demos to: https://tomaszitko.cz/demo/
2025-11-16 13:02:42,577 - ColdEmailPro - INFO - 3. Test with: https://tomaszitko.cz/demo/?lead=YOUR_LEAD_ID
2025-11-16 13:02:42,578 - ColdEmailPro - INFO - ============================================================
2025-11-16 13:03:12,473 - src.core.lead_processor - INFO - Loaded 10 cached lead scores
2025-11-16 13:03:12,473 - src.core.lead_processor - INFO - Lead Processor initialized
2025-11-16 13:03:12,475 - src.core.website_generator - INFO - Website Generator initialized
2025-11-16 13:03:12,477 - src.core.email_orchestrator - INFO - Loaded tier1 template
2025-11-16 13:03:12,477 - src.core.email_orchestrator - INFO - Loaded tier2 template
2025-11-16 13:03:12,478 - src.core.email_orchestrator - INFO - Loaded tier3 template
2025-11-16 13:03:12,478 - src.core.email_orchestrator - INFO - Email Orchestrator initialized
2025-11-16 13:03:12,480 - src.core.compliance - INFO - Compliance Manager initialized
2025-11-16 13:03:12,480 - ColdEmailPro - INFO - ============================================================
2025-11-16 13:03:12,480 - ColdEmailPro - INFO - Cold Email Pro - Production System Initialized
2025-11-16 13:03:12,481 - ColdEmailPro - INFO - ============================================================
2025-11-16 13:03:12,481 - ColdEmailPro - INFO - 🧪 DRY RUN MODE - No emails will be sent
2025-11-16 13:03:12,481 - ColdEmailPro - INFO - 📧 Sending emails from: data/leads/processed/TIER1_LEADS.csv
2025-11-16 13:03:12,489 - ColdEmailPro - INFO - After compliance filtering: 7 leads
2025-11-16 13:03:12,489 - ColdEmailPro - INFO - 
📊 DRY RUN SUMMARY:
2025-11-16 13:03:12,490 - ColdEmailPro - INFO - Would send to 7 leads
2025-11-16 13:03:41,786 - src.core.lead_processor - INFO - Loaded 0 cached lead scores
2025-11-16 13:03:41,786 - src.core.lead_processor - INFO - Lead Processor initialized
2025-11-16 13:03:41,788 - src.core.website_generator - INFO - Website Generator initialized
2025-11-16 13:03:41,789 - src.core.email_orchestrator - INFO - Loaded tier1 template
2025-11-16 13:03:41,789 - src.core.email_orchestrator - INFO - Loaded tier2 template
2025-11-16 13:03:41,790 - src.core.email_orchestrator - INFO - Loaded tier3 template
2025-11-16 13:03:41,791 - src.core.email_orchestrator - INFO - Email Orchestrator initialized
2025-11-16 13:03:41,791 - src.core.compliance - INFO - Compliance Manager initialized
2025-11-16 13:03:41,792 - ColdEmailPro - INFO - ============================================================
2025-11-16 13:03:41,792 - ColdEmailPro - INFO - Cold Email Pro - Production System Initialized
2025-11-16 13:03:41,792 - ColdEmailPro - INFO - ============================================================
2025-11-16 13:03:41,792 - ColdEmailPro - INFO - 📊 Processing leads from: sample_leads.csv
2025-11-16 13:03:41,793 - src.core.lead_processor - INFO - Processing file: sample_leads.csv
2025-11-16 13:03:41,797 - src.core.lead_processor - INFO - Loaded 10 rows from sample_leads.csv
2025-11-16 13:03:41,798 - src.core.lead_processor - INFO - Cleaning data...
2025-11-16 13:03:41,801 - src.core.lead_processor - INFO - Data cleaned. Columns: ['company_name', 'email', 'phone', 'website', 'industry', 'address', 'registration_date', 'employees']
2025-11-16 13:03:41,802 - src.core.lead_processor - INFO - Processing 10 leads...
2025-11-16 13:03:41,821 - src.core.lead_processor - INFO - Saved 10 lead scores to cache
2025-11-16 13:03:41,822 - src.core.lead_processor - INFO - Processing complete: Tier1=7, Tier2=1, Tier3=0, Rejected=2
2025-11-16 13:03:41,826 - src.core.lead_processor - INFO - Exported 7 tier1 leads to data/leads/processed/TIER1_LEADS.csv
2025-11-16 13:03:41,828 - src.core.lead_processor - INFO - Exported 1 tier2 leads to data/leads/processed/TIER2_LEADS.csv
2025-11-16 13:03:41,829 - src.core.lead_processor - INFO - Exported 2 rejected leads to data/leads/processed/REJECTED_LEADS.csv
2025-11-16 13:03:41,829 - ColdEmailPro - INFO - 
============================================================
2025-11-16 13:03:41,830 - ColdEmailPro - INFO - PROCESSING COMPLETE
2025-11-16 13:03:41,830 - ColdEmailPro - INFO - ============================================================
2025-11-16 13:03:41,831 - ColdEmailPro - INFO - Total Processed: 10
2025-11-16 13:03:41,831 - ColdEmailPro - INFO - Tier 1 (Premium):  7 leads
2025-11-16 13:03:41,831 - ColdEmailPro - INFO - Tier 2 (Good):     1 leads
2025-11-16 13:03:41,831 - ColdEmailPro - INFO - Tier 3 (Potential):0 leads
2025-11-16 13:03:41,832 - ColdEmailPro - INFO - Rejected:          2 leads
2025-11-16 13:03:41,832 - ColdEmailPro - INFO - ============================================================
2025-11-16 13:03:46,292 - src.core.lead_processor - INFO - Loaded 10 cached lead scores
2025-11-16 13:03:46,293 - src.core.lead_processor - INFO - Lead Processor initialized
2025-11-16 13:03:46,295 - src.core.website_generator - INFO - Website Generator initialized
2025-11-16 13:03:46,296 - src.core.email_orchestrator - INFO - Loaded tier1 template
2025-11-16 13:03:46,296 - src.core.email_orchestrator - INFO - Loaded tier2 template
2025-11-16 13:03:46,297 - src.core.email_orchestrator - INFO - Loaded tier3 template
2025-11-16 13:03:46,298 - src.core.email_orchestrator - INFO - Email Orchestrator initialized
2025-11-16 13:03:46,299 - src.core.compliance - INFO - Compliance Manager initialized
2025-11-16 13:03:46,299 - ColdEmailPro - INFO - ============================================================
2025-11-16 13:03:46,299 - ColdEmailPro - INFO - Cold Email Pro - Production System Initialized
2025-11-16 13:03:46,300 - ColdEmailPro - INFO - ============================================================
2025-11-16 13:03:46,300 - ColdEmailPro - INFO - 🌐 Generating demo websites from: data/leads/processed/TIER1_LEADS.csv
2025-11-16 13:03:46,308 - ColdEmailPro - INFO - Generating demos for 7 leads...
2025-11-16 13:03:46,309 - src.core.website_generator - INFO - Generating demo data for 7 leads...
2025-11-16 13:03:46,310 - src.core.website_generator - INFO - Saved demo data to data/generated_sites/demos.json
2025-11-16 13:03:46,311 - src.core.website_generator - INFO - Generated index.html at data/generated_sites/index.html
2025-11-16 13:03:46,311 - src.core.website_generator - INFO - Generated 2 demo files in data/generated_sites/
2025-11-16 13:03:46,311 - ColdEmailPro - INFO - 
============================================================
2025-11-16 13:03:46,311 - ColdEmailPro - INFO - WEBSITE GENERATION COMPLETE
2025-11-16 13:03:46,312 - ColdEmailPro - INFO - ============================================================
2025-11-16 13:03:46,312 - ColdEmailPro - INFO - demos_json: data/generated_sites/demos.json
2025-11-16 13:03:46,312 - ColdEmailPro - INFO - index_html: data/generated_sites/index.html
2025-11-16 13:03:46,313 - ColdEmailPro - INFO - ============================================================
2025-11-16 13:03:46,313 - ColdEmailPro - INFO - 
📋 Next steps:
2025-11-16 13:03:46,313 - ColdEmailPro - INFO - 1. Upload these files to your web hosting
2025-11-16 13:03:46,314 - ColdEmailPro - INFO - 2. Point demos to: https://tomaszitko.cz/demo/
2025-11-16 13:03:46,314 - ColdEmailPro - INFO - 3. Test with: https://tomaszitko.cz/demo/?lead=YOUR_LEAD_ID
2025-11-16 13:03:46,314 - ColdEmailPro - INFO - ============================================================
